Java HotSpot(TM) 64-Bit Server VM (25.144-b01) for windows-amd64 JRE (1.8.0_144-b01), built on Jul 21 2017 21:57:33 by "java_re" with MS VC++ 10.0 (VS2010)
Memory: 4k page, physical 8164900k(2733844k free), swap 16327956k(9847700k free)
CommandLine flags: -XX:CMSInitiatingOccupancyFraction=70 -XX:+CMSParallelRemarkEnabled -XX:+CMSScavengeBeforeRemark -XX:GCLogFileSize=1048576 -XX:+HeapDumpOnOutOfMemoryError -XX:HeapDumpPath=./dumps/ -XX:InitialHeapSize=536870912 -XX:+ManagementServer -XX:MaxHeapSize=536870912 -XX:MaxMetaspaceSize=268435456 -XX:MaxNewSize=178958336 -XX:MaxTenuringThreshold=6 -XX:NewSize=178958336 -XX:NumberOfGCLogFiles=10 -XX:OldPLABSize=16 -XX:OldSize=357912576 -XX:+PrintGC -XX:+PrintGCDateStamps -XX:+PrintGCDetails -XX:+PrintGCTimeStamps -XX:+ScavengeBeforeFullGC -XX:+UseCMSInitiatingOccupancyOnly -XX:+UseCompressedClassPointers -XX:+UseCompressedOops -XX:+UseConcMarkSweepGC -XX:+UseGCLogFileRotation -XX:-UseLargePagesIndividualAllocation -XX:+UseParNewGC 
2017-11-13T20:18:02.797+0300: 43.383: [GC (Allocation Failure) 2017-11-13T20:18:02.797+0300: 43.383: [ParNew: 139776K->13967K(157248K), 0.0144864 secs] 139776K->13967K(506816K), 0.0147183 secs] [Times: user=0.06 sys=0.00, real=0.02 secs] 
2017-11-13T20:18:02.969+0300: 43.555: [GC (Allocation Failure) 2017-11-13T20:18:02.969+0300: 43.555: [ParNew: 153743K->17472K(157248K), 0.0722183 secs] 153743K->32646K(506816K), 0.0723127 secs] [Times: user=0.23 sys=0.02, real=0.07 secs] 
2017-11-13T20:18:03.179+0300: 43.765: [GC (Allocation Failure) 2017-11-13T20:18:03.180+0300: 43.765: [ParNew: 157248K->17472K(157248K), 0.0454907 secs] 172422K->52347K(506816K), 0.0455888 secs] [Times: user=0.17 sys=0.01, real=0.05 secs] 
2017-11-13T20:18:03.359+0300: 43.945: [GC (Allocation Failure) 2017-11-13T20:18:03.359+0300: 43.945: [ParNew: 157248K->17472K(157248K), 0.0402854 secs] 192123K->72006K(506816K), 0.0403736 secs] [Times: user=0.09 sys=0.02, real=0.04 secs] 
2017-11-13T20:18:03.535+0300: 44.121: [GC (Allocation Failure) 2017-11-13T20:18:03.535+0300: 44.121: [ParNew: 157248K->17472K(157248K), 0.0401733 secs] 211782K->92720K(506816K), 0.0402661 secs] [Times: user=0.17 sys=0.00, real=0.04 secs] 
2017-11-13T20:18:03.710+0300: 44.296: [GC (Allocation Failure) 2017-11-13T20:18:03.710+0300: 44.296: [ParNew: 157248K->17472K(157248K), 0.0636672 secs] 232496K->117340K(506816K), 0.0637575 secs] [Times: user=0.13 sys=0.00, real=0.06 secs] 
2017-11-13T20:18:03.910+0300: 44.496: [GC (Allocation Failure) 2017-11-13T20:18:03.910+0300: 44.496: [ParNew: 157248K->17472K(157248K), 0.0553095 secs] 257116K->135312K(506816K), 0.0554002 secs] [Times: user=0.20 sys=0.01, real=0.06 secs] 
2017-11-13T20:18:04.090+0300: 44.675: [GC (Allocation Failure) 2017-11-13T20:18:04.090+0300: 44.675: [ParNew: 157248K->17472K(157248K), 0.0480388 secs] 275088K->160387K(506816K), 0.0481287 secs] [Times: user=0.19 sys=0.00, real=0.05 secs] 
2017-11-13T20:18:04.265+0300: 44.850: [GC (Allocation Failure) 2017-11-13T20:18:04.265+0300: 44.850: [ParNew: 157248K->17472K(157248K), 0.0455749 secs] 300163K->178697K(506816K), 0.0456672 secs] [Times: user=0.08 sys=0.02, real=0.04 secs] 
2017-11-13T20:18:04.444+0300: 45.030: [GC (Allocation Failure) 2017-11-13T20:18:04.444+0300: 45.030: [ParNew: 157248K->17472K(157248K), 0.0472424 secs] 318473K->199824K(506816K), 0.0473278 secs] [Times: user=0.14 sys=0.00, real=0.05 secs] 
2017-11-13T20:18:04.617+0300: 45.203: [GC (Allocation Failure) 2017-11-13T20:18:04.617+0300: 45.203: [ParNew: 157248K->17472K(157248K), 0.0408568 secs] 339600K->216373K(506816K), 0.0409488 secs] [Times: user=0.11 sys=0.02, real=0.04 secs] 
2017-11-13T20:18:04.779+0300: 45.365: [GC (Allocation Failure) 2017-11-13T20:18:04.779+0300: 45.365: [ParNew: 157248K->17472K(157248K), 0.0733994 secs] 356149K->243661K(506816K), 0.0734913 secs] [Times: user=0.13 sys=0.00, real=0.07 secs] 
2017-11-13T20:18:04.994+0300: 45.579: [GC (Allocation Failure) 2017-11-13T20:18:04.994+0300: 45.579: [ParNew: 157248K->17472K(157248K), 0.0491201 secs] 383437K->262477K(506816K), 0.0491989 secs] [Times: user=0.17 sys=0.00, real=0.05 secs] 
2017-11-13T20:18:05.043+0300: 45.629: [GC (CMS Initial Mark) [1 CMS-initial-mark: 245005K(349568K)] 265272K(506816K), 0.0029446 secs] [Times: user=0.00 sys=0.00, real=0.00 secs] 
2017-11-13T20:18:05.046+0300: 45.632: [CMS-concurrent-mark-start]
2017-11-13T20:18:05.154+0300: 45.740: [CMS-concurrent-mark: 0.108/0.108 secs] [Times: user=0.22 sys=0.00, real=0.11 secs] 
2017-11-13T20:18:05.154+0300: 45.740: [CMS-concurrent-preclean-start]
2017-11-13T20:18:05.156+0300: 45.742: [CMS-concurrent-preclean: 0.002/0.002 secs] [Times: user=0.00 sys=0.00, real=0.00 secs] 
2017-11-13T20:18:05.156+0300: 45.742: [CMS-concurrent-abortable-preclean-start]
2017-11-13T20:18:05.216+0300: 45.802: [GC (Allocation Failure) 2017-11-13T20:18:05.216+0300: 45.802: [ParNew: 157248K->17472K(157248K), 0.0534314 secs] 402253K->282070K(506816K), 0.0535217 secs] [Times: user=0.17 sys=0.01, real=0.05 secs] 
2017-11-13T20:18:05.368+0300: 45.954: [CMS-concurrent-abortable-preclean: 0.159/0.213 secs] [Times: user=0.51 sys=0.01, real=0.21 secs] 
2017-11-13T20:18:05.369+0300: 45.954: [GC (CMS Final Remark) [YG occupancy: 123682 K (157248 K)]2017-11-13T20:18:05.369+0300: 45.954: [GC (CMS Final Remark) 2017-11-13T20:18:05.369+0300: 45.954: [ParNew: 123682K->17472K(157248K), 0.0410727 secs] 388281K->299028K(506816K), 0.0411318 secs] [Times: user=0.13 sys=0.00, real=0.04 secs] 
2017-11-13T20:18:05.410+0300: 45.995: [Rescan (parallel) , 0.0074324 secs]2017-11-13T20:18:05.417+0300: 46.003: [weak refs processing, 0.0000271 secs]2017-11-13T20:18:05.417+0300: 46.003: [class unloading, 0.0009015 secs]2017-11-13T20:18:05.418+0300: 46.004: [scrub symbol table, 0.0009828 secs]2017-11-13T20:18:05.419+0300: 46.005: [scrub string table, 0.0001765 secs][1 CMS-remark: 281556K(349568K)] 299028K(506816K), 0.0509289 secs] [Times: user=0.19 sys=0.00, real=0.05 secs] 
2017-11-13T20:18:05.420+0300: 46.005: [CMS-concurrent-sweep-start]
2017-11-13T20:18:05.527+0300: 46.113: [CMS-concurrent-sweep: 0.108/0.108 secs] [Times: user=0.22 sys=0.00, real=0.11 secs] 
2017-11-13T20:18:05.527+0300: 46.113: [CMS-concurrent-reset-start]
2017-11-13T20:18:05.528+0300: 46.113: [CMS-concurrent-reset: 0.000/0.000 secs] [Times: user=0.00 sys=0.00, real=0.00 secs] 
2017-11-13T20:18:05.568+0300: 46.154: [GC (Allocation Failure) 2017-11-13T20:18:05.568+0300: 46.154: [ParNew: 157248K->17472K(157248K), 0.0423646 secs] 369080K->245792K(506816K), 0.0424488 secs] [Times: user=0.11 sys=0.00, real=0.04 secs] 
2017-11-13T20:18:05.748+0300: 46.334: [GC (Allocation Failure) 2017-11-13T20:18:05.748+0300: 46.334: [ParNew: 157248K->17472K(157248K), 0.0607727 secs] 385568K->278513K(506816K), 0.0608622 secs] [Times: user=0.17 sys=0.02, real=0.06 secs] 
2017-11-13T20:18:05.809+0300: 46.395: [GC (CMS Initial Mark) [1 CMS-initial-mark: 261041K(349568K)] 281298K(506816K), 0.0029442 secs] [Times: user=0.00 sys=0.00, real=0.00 secs] 
2017-11-13T20:18:05.812+0300: 46.398: [CMS-concurrent-mark-start]
2017-11-13T20:18:05.945+0300: 46.531: [CMS-concurrent-mark: 0.133/0.133 secs] [Times: user=0.28 sys=0.00, real=0.13 secs] 
2017-11-13T20:18:05.945+0300: 46.531: [CMS-concurrent-preclean-start]
2017-11-13T20:18:05.947+0300: 46.532: [CMS-concurrent-preclean: 0.002/0.002 secs] [Times: user=0.00 sys=0.00, real=0.00 secs] 
2017-11-13T20:18:05.947+0300: 46.532: [CMS-concurrent-abortable-preclean-start]
2017-11-13T20:18:05.980+0300: 46.566: [GC (Allocation Failure) 2017-11-13T20:18:05.980+0300: 46.566: [ParNew: 157248K->17472K(157248K), 0.0417090 secs] 418289K->295905K(506816K), 0.0418006 secs] [Times: user=0.14 sys=0.00, real=0.04 secs] 
2017-11-13T20:18:06.138+0300: 46.724: [CMS-concurrent-abortable-preclean: 0.149/0.191 secs] [Times: user=0.40 sys=0.00, real=0.19 secs] 
2017-11-13T20:18:06.138+0300: 46.724: [GC (CMS Final Remark) [YG occupancy: 123430 K (157248 K)]2017-11-13T20:18:06.138+0300: 46.724: [GC (CMS Final Remark) 2017-11-13T20:18:06.138+0300: 46.724: [ParNew: 123430K->17091K(157248K), 0.0381462 secs] 401864K->312997K(506816K), 0.0382094 secs] [Times: user=0.14 sys=0.00, real=0.04 secs] 
2017-11-13T20:18:06.177+0300: 46.762: [Rescan (parallel) , 0.0103175 secs]2017-11-13T20:18:06.187+0300: 46.773: [weak refs processing, 0.0000316 secs]2017-11-13T20:18:06.187+0300: 46.773: [class unloading, 0.0012320 secs]2017-11-13T20:18:06.188+0300: 46.774: [scrub symbol table, 0.0016059 secs]2017-11-13T20:18:06.190+0300: 46.776: [scrub string table, 0.0003067 secs][1 CMS-remark: 295905K(349568K)] 312997K(506816K), 0.0519560 secs] [Times: user=0.14 sys=0.00, real=0.05 secs] 
2017-11-13T20:18:06.190+0300: 46.776: [CMS-concurrent-sweep-start]
2017-11-13T20:18:06.276+0300: 46.862: [CMS-concurrent-sweep: 0.086/0.086 secs] [Times: user=0.19 sys=0.00, real=0.09 secs] 
2017-11-13T20:18:06.276+0300: 46.862: [CMS-concurrent-reset-start]
2017-11-13T20:18:06.277+0300: 46.863: [CMS-concurrent-reset: 0.000/0.000 secs] [Times: user=0.00 sys=0.00, real=0.00 secs] 
2017-11-13T20:18:06.336+0300: 46.921: [GC (Allocation Failure) 2017-11-13T20:18:06.336+0300: 46.921: [ParNew: 156867K->17472K(157248K), 0.0389114 secs] 442089K->317976K(506816K), 0.0390091 secs] [Times: user=0.06 sys=0.00, real=0.04 secs] 
2017-11-13T20:18:06.375+0300: 46.961: [GC (CMS Initial Mark) [1 CMS-initial-mark: 300504K(349568K)] 320752K(506816K), 0.0028030 secs] [Times: user=0.00 sys=0.00, real=0.00 secs] 
2017-11-13T20:18:06.378+0300: 46.963: [CMS-concurrent-mark-start]
2017-11-13T20:18:06.503+0300: 47.089: [CMS-concurrent-mark: 0.126/0.126 secs] [Times: user=0.25 sys=0.00, real=0.13 secs] 
2017-11-13T20:18:06.503+0300: 47.089: [CMS-concurrent-preclean-start]
2017-11-13T20:18:06.505+0300: 47.090: [CMS-concurrent-preclean: 0.001/0.001 secs] [Times: user=0.03 sys=0.00, real=0.00 secs] 
2017-11-13T20:18:06.505+0300: 47.090: [CMS-concurrent-abortable-preclean-start]
2017-11-13T20:18:06.516+0300: 47.102: [GC (Allocation Failure) 2017-11-13T20:18:06.516+0300: 47.102: [ParNew: 157248K->17472K(157248K), 0.0536633 secs] 457752K->339143K(506816K), 0.0537454 secs] [Times: user=0.17 sys=0.01, real=0.05 secs] 
2017-11-13T20:18:06.667+0300: 47.253: [CMS-concurrent-abortable-preclean: 0.109/0.163 secs] [Times: user=0.36 sys=0.01, real=0.16 secs] 
2017-11-13T20:18:06.667+0300: 47.253: [GC (CMS Final Remark) [YG occupancy: 117649 K (157248 K)]2017-11-13T20:18:06.667+0300: 47.253: [GC (CMS Final Remark) 2017-11-13T20:18:06.667+0300: 47.253: [ParNew: 117649K->17472K(157248K), 0.0388707 secs] 439320K->354759K(506816K), 0.0389327 secs] [Times: user=0.13 sys=0.00, real=0.04 secs] 
2017-11-13T20:18:06.706+0300: 47.292: [Rescan (parallel) , 0.0070860 secs]2017-11-13T20:18:06.714+0300: 47.299: [weak refs processing, 0.0000218 secs]2017-11-13T20:18:06.714+0300: 47.299: [class unloading, 0.0008001 secs]2017-11-13T20:18:06.714+0300: 47.300: [scrub symbol table, 0.0009668 secs]2017-11-13T20:18:06.715+0300: 47.301: [scrub string table, 0.0001761 secs][1 CMS-remark: 337287K(349568K)] 354759K(506816K), 0.0481829 secs] [Times: user=0.19 sys=0.00, real=0.05 secs] 
2017-11-13T20:18:06.716+0300: 47.301: [CMS-concurrent-sweep-start]
2017-11-13T20:18:06.844+0300: 47.430: [CMS-concurrent-sweep: 0.128/0.128 secs] [Times: user=0.23 sys=0.00, real=0.13 secs] 
2017-11-13T20:18:06.844+0300: 47.430: [CMS-concurrent-reset-start]
2017-11-13T20:18:06.844+0300: 47.430: [CMS-concurrent-reset: 0.000/0.000 secs] [Times: user=0.00 sys=0.00, real=0.00 secs] 
2017-11-13T20:18:06.882+0300: 47.468: [GC (Allocation Failure) 2017-11-13T20:18:06.882+0300: 47.468: [ParNew: 157248K->157248K(157248K), 0.0000205 secs]2017-11-13T20:18:06.882+0300: 47.468: [CMS: 337287K->349567K(349568K), 0.5945261 secs] 494535K->368823K(506816K), [Metaspace: 8266K->8266K(1056768K)], 0.5946476 secs] [Times: user=0.56 sys=0.03, real=0.60 secs] 
2017-11-13T20:18:07.478+0300: 48.063: [GC (CMS Initial Mark) [1 CMS-initial-mark: 349567K(349568K)] 371596K(506816K), 0.0054936 secs] [Times: user=0.00 sys=0.00, real=0.01 secs] 
2017-11-13T20:18:07.484+0300: 48.069: [CMS-concurrent-mark-start]
2017-11-13T20:18:07.661+0300: 48.245: [CMS-concurrent-mark: 0.177/0.177 secs] [Times: user=0.36 sys=0.00, real=0.18 secs] 
2017-11-13T20:18:07.661+0300: 48.245: [CMS-concurrent-preclean-start]
2017-11-13T20:18:07.756+0300: 48.341: [Full GC (Allocation Failure) 2017-11-13T20:18:07.756+0300: 48.341: [CMS2017-11-13T20:18:07.831+0300: 48.416: [CMS-concurrent-preclean: 0.170/0.170 secs] [Times: user=0.26 sys=0.00, real=0.17 secs] 
 (concurrent mode failure): 349567K->349567K(349568K), 0.5821617 secs] 506815K->387399K(506816K), [Metaspace: 8266K->8266K(1056768K)], 0.5822520 secs] [Times: user=0.56 sys=0.01, real=0.58 secs] 
2017-11-13T20:18:08.533+0300: 49.118: [Full GC (Allocation Failure) 2017-11-13T20:18:08.533+0300: 49.118: [CMS: 349567K->349567K(349568K), 0.5130083 secs] 506815K->403474K(506816K), [Metaspace: 8266K->8266K(1056768K)], 0.5130965 secs] [Times: user=0.47 sys=0.00, real=0.51 secs] 
2017-11-13T20:18:09.046+0300: 49.631: [GC (CMS Initial Mark) [1 CMS-initial-mark: 349567K(349568K)] 406109K(506816K), 0.0140783 secs] [Times: user=0.02 sys=0.00, real=0.01 secs] 
2017-11-13T20:18:09.060+0300: 49.645: [CMS-concurrent-mark-start]
2017-11-13T20:18:09.218+0300: 49.803: [CMS-concurrent-mark: 0.158/0.158 secs] [Times: user=0.31 sys=0.00, real=0.16 secs] 
2017-11-13T20:18:09.218+0300: 49.803: [CMS-concurrent-preclean-start]
2017-11-13T20:18:09.242+0300: 49.827: [Full GC (Allocation Failure) 2017-11-13T20:18:09.242+0300: 49.827: [CMS2017-11-13T20:18:09.366+0300: 49.951: [CMS-concurrent-preclean: 0.148/0.148 secs] [Times: user=0.19 sys=0.00, real=0.15 secs] 
 (concurrent mode failure): 349567K->349567K(349568K), 0.6642575 secs] 506815K->422162K(506816K), [Metaspace: 8266K->8266K(1056768K)], 0.6643425 secs] [Times: user=0.66 sys=0.02, real=0.66 secs] 
2017-11-13T20:18:10.070+0300: 50.655: [Full GC (Allocation Failure) 2017-11-13T20:18:10.070+0300: 50.655: [CMS: 349567K->349567K(349568K), 0.5217778 secs] 506815K->433557K(506816K), [Metaspace: 8266K->8266K(1056768K)], 0.5218656 secs] [Times: user=0.51 sys=0.01, real=0.52 secs] 
2017-11-13T20:18:10.592+0300: 51.177: [GC (CMS Initial Mark) [1 CMS-initial-mark: 349567K(349568K)] 435733K(506816K), 0.0709092 secs] [Times: user=0.06 sys=0.00, real=0.07 secs] 
2017-11-13T20:18:10.663+0300: 51.248: [CMS-concurrent-mark-start]
2017-11-13T20:18:10.834+0300: 51.419: [Full GC (Allocation Failure) 2017-11-13T20:18:10.834+0300: 51.419: [CMS2017-11-13T20:18:10.889+0300: 51.474: [CMS-concurrent-mark: 0.226/0.226 secs] [Times: user=0.40 sys=0.00, real=0.23 secs] 
 (concurrent mode failure): 349567K->349567K(349568K), 0.5781132 secs] 506815K->443419K(506816K), [Metaspace: 8266K->8266K(1056768K)], 0.5781924 secs] [Times: user=0.56 sys=0.02, real=0.58 secs] 
2017-11-13T20:18:11.556+0300: 52.141: [Full GC (Allocation Failure) 2017-11-13T20:18:11.556+0300: 52.141: [CMS: 349567K->349567K(349568K), 0.5283678 secs] 506815K->451953K(506816K), [Metaspace: 8266K->8266K(1056768K)], 0.8585322 secs] [Times: user=0.51 sys=0.02, real=0.86 secs] 
2017-11-13T20:18:12.415+0300: 53.000: [GC (CMS Initial Mark) [1 CMS-initial-mark: 349567K(349568K)] 453649K(506816K), 0.1023865 secs] [Times: user=0.11 sys=0.00, real=0.10 secs] 
2017-11-13T20:18:12.517+0300: 53.102: [CMS-concurrent-mark-start]
2017-11-13T20:18:12.677+0300: 53.262: [Full GC (Allocation Failure) 2017-11-13T20:18:12.677+0300: 53.262: [CMS2017-11-13T20:18:12.753+0300: 53.338: [CMS-concurrent-mark: 0.236/0.236 secs] [Times: user=0.39 sys=0.00, real=0.24 secs] 
 (concurrent mode failure): 349567K->349567K(349568K), 0.6055132 secs] 506815K->459338K(506816K), [Metaspace: 8266K->8266K(1056768K)], 0.6056006 secs] [Times: user=0.61 sys=0.00, real=0.61 secs] 
2017-11-13T20:18:13.413+0300: 53.998: [Full GC (Allocation Failure) 2017-11-13T20:18:13.413+0300: 53.998: [CMS: 349568K->349568K(349568K), 0.5395869 secs] 506815K->465729K(506816K), [Metaspace: 8266K->8266K(1056768K)], 0.5396796 secs] [Times: user=0.50 sys=0.03, real=0.54 secs] 
2017-11-13T20:18:13.953+0300: 54.538: [GC (CMS Initial Mark) [1 CMS-initial-mark: 349568K(349568K)] 467028K(506816K), 0.0763506 secs] [Times: user=0.08 sys=0.00, real=0.08 secs] 
2017-11-13T20:18:14.029+0300: 54.614: [CMS-concurrent-mark-start]
2017-11-13T20:18:14.171+0300: 54.756: [Full GC (Allocation Failure) 2017-11-13T20:18:14.171+0300: 54.756: [CMS2017-11-13T20:18:14.257+0300: 54.842: [CMS-concurrent-mark: 0.227/0.228 secs] [Times: user=0.36 sys=0.00, real=0.23 secs] 
 (concurrent mode failure): 349568K->349567K(349568K), 0.6153488 secs] 506815K->471260K(506816K), [Metaspace: 8266K->8266K(1056768K)], 0.6154949 secs] [Times: user=0.61 sys=0.00, real=0.62 secs] 
2017-11-13T20:18:14.906+0300: 55.491: [Full GC (Allocation Failure) 2017-11-13T20:18:14.906+0300: 55.491: [CMS: 349567K->349567K(349568K), 0.6610764 secs] 506815K->475914K(506816K), [Metaspace: 8266K->8266K(1056768K)], 0.6611967 secs] [Times: user=0.66 sys=0.00, real=0.66 secs] 
2017-11-13T20:18:15.568+0300: 56.153: [GC (CMS Initial Mark) [1 CMS-initial-mark: 349567K(349568K)] 476899K(506816K), 0.0807546 secs] [Times: user=0.09 sys=0.00, real=0.08 secs] 
2017-11-13T20:18:15.649+0300: 56.234: [CMS-concurrent-mark-start]
2017-11-13T20:18:15.778+0300: 56.363: [Full GC (Allocation Failure) 2017-11-13T20:18:15.778+0300: 56.363: [CMS2017-11-13T20:18:15.877+0300: 56.462: [CMS-concurrent-mark: 0.228/0.228 secs] [Times: user=0.34 sys=0.00, real=0.23 secs] 
 (concurrent mode failure): 349567K->349567K(349568K), 0.6339058 secs] 506815K->480074K(506816K), [Metaspace: 8247K->8247K(1056768K)], 0.6339949 secs] [Times: user=0.62 sys=0.01, real=0.63 secs] 
2017-11-13T20:18:16.531+0300: 57.116: [Full GC (Allocation Failure) 2017-11-13T20:18:16.531+0300: 57.116: [CMS: 349567K->349567K(349568K), 0.5421879 secs] 506815K->483673K(506816K), [Metaspace: 8247K->8247K(1056768K)], 0.5422659 secs] [Times: user=0.53 sys=0.00, real=0.54 secs] 
2017-11-13T20:18:17.073+0300: 57.658: [GC (CMS Initial Mark) [1 CMS-initial-mark: 349567K(349568K)] 484417K(506816K), 0.0820453 secs] [Times: user=0.08 sys=0.00, real=0.08 secs] 
2017-11-13T20:18:17.155+0300: 57.740: [CMS-concurrent-mark-start]
2017-11-13T20:18:17.301+0300: 57.886: [Full GC (Allocation Failure) 2017-11-13T20:18:17.301+0300: 57.886: [CMS2017-11-13T20:18:17.402+0300: 57.987: [CMS-concurrent-mark: 0.246/0.247 secs] [Times: user=0.41 sys=0.00, real=0.25 secs] 
 (concurrent mode failure): 349567K->349567K(349568K), 0.6360656 secs] 506815K->486789K(506816K), [Metaspace: 8247K->8247K(1056768K)], 0.6361489 secs] [Times: user=0.62 sys=0.00, real=0.64 secs] 
2017-11-13T20:18:18.041+0300: 58.626: [Full GC (Allocation Failure) 2017-11-13T20:18:18.041+0300: 58.626: [CMS: 349567K->349567K(349568K), 0.5371246 secs] 506815K->489485K(506816K), [Metaspace: 8247K->8247K(1056768K)], 0.5372137 secs] [Times: user=0.53 sys=0.00, real=0.54 secs] 
2017-11-13T20:18:18.578+0300: 59.163: [GC (CMS Initial Mark) [1 CMS-initial-mark: 349567K(349568K)] 489485K(506816K), 0.0823955 secs] [Times: user=0.09 sys=0.00, real=0.08 secs] 
2017-11-13T20:18:18.661+0300: 59.246: [CMS-concurrent-mark-start]
2017-11-13T20:18:18.786+0300: 59.371: [Full GC (Allocation Failure) 2017-11-13T20:18:18.786+0300: 59.371: [CMS2017-11-13T20:18:18.894+0300: 59.479: [CMS-concurrent-mark: 0.233/0.233 secs] [Times: user=0.36 sys=0.00, real=0.23 secs] 
 (concurrent mode failure): 349567K->349567K(349568K), 0.6508364 secs] 506815K->491818K(506816K), [Metaspace: 8247K->8247K(1056768K)], 0.6509247 secs] [Times: user=0.64 sys=0.02, real=0.65 secs] 
2017-11-13T20:18:19.523+0300: 60.109: [Full GC (Allocation Failure) 2017-11-13T20:18:19.523+0300: 60.109: [CMS: 349567K->349567K(349568K), 0.5386271 secs] 506815K->493836K(506816K), [Metaspace: 8247K->8247K(1056768K)], 0.5387116 secs] [Times: user=0.55 sys=0.00, real=0.54 secs] 
2017-11-13T20:18:20.062+0300: 60.647: [GC (CMS Initial Mark) [1 CMS-initial-mark: 349567K(349568K)] 493837K(506816K), 0.0842313 secs] [Times: user=0.08 sys=0.00, real=0.09 secs] 
2017-11-13T20:18:20.147+0300: 60.732: [CMS-concurrent-mark-start]
2017-11-13T20:18:20.227+0300: 60.812: [Full GC (Allocation Failure) 2017-11-13T20:18:20.227+0300: 60.812: [CMS2017-11-13T20:18:20.368+0300: 60.954: [CMS-concurrent-mark: 0.222/0.222 secs] [Times: user=0.30 sys=0.00, real=0.22 secs] 
 (concurrent mode failure): 349567K->349567K(349568K), 0.6922569 secs] 506815K->495584K(506816K), [Metaspace: 8247K->8247K(1056768K)], 0.6923521 secs] [Times: user=0.70 sys=0.00, real=0.69 secs] 
2017-11-13T20:18:20.986+0300: 61.572: [Full GC (Allocation Failure) 2017-11-13T20:18:20.986+0300: 61.572: [CMS: 349567K->349567K(349568K), 0.5464803 secs] 506815K->497096K(506816K), [Metaspace: 8247K->8247K(1056768K)], 0.5465644 secs] [Times: user=0.55 sys=0.00, real=0.55 secs] 
2017-11-13T20:18:21.533+0300: 62.118: [GC (CMS Initial Mark) [1 CMS-initial-mark: 349567K(349568K)] 497096K(506816K), 0.0834255 secs] [Times: user=0.08 sys=0.00, real=0.08 secs] 
2017-11-13T20:18:21.617+0300: 62.202: [CMS-concurrent-mark-start]
2017-11-13T20:18:21.679+0300: 62.264: [Full GC (Allocation Failure) 2017-11-13T20:18:21.679+0300: 62.264: [CMS2017-11-13T20:18:21.839+0300: 62.424: [CMS-concurrent-mark: 0.222/0.223 secs] [Times: user=0.30 sys=0.00, real=0.22 secs] 
 (concurrent mode failure): 349567K->349567K(349568K), 0.7115968 secs] 506815K->498404K(506816K), [Metaspace: 8247K->8247K(1056768K)], 0.7116846 secs] [Times: user=0.72 sys=0.00, real=0.71 secs] 
2017-11-13T20:18:22.442+0300: 63.027: [Full GC (Allocation Failure) 2017-11-13T20:18:22.442+0300: 63.027: [CMS: 349567K->349567K(349568K), 0.5470961 secs] 506815K->499536K(506816K), [Metaspace: 8247K->8247K(1056768K)], 0.5471892 secs] [Times: user=0.50 sys=0.03, real=0.55 secs] 
2017-11-13T20:18:22.988+0300: 63.575: [GC (CMS Initial Mark) [1 CMS-initial-mark: 349567K(349568K)] 499536K(506816K), 0.0838795 secs] [Times: user=0.09 sys=0.00, real=0.08 secs] 
2017-11-13T20:18:23.072+0300: 63.659: [CMS-concurrent-mark-start]
2017-11-13T20:18:23.117+0300: 63.703: [Full GC (Allocation Failure) 2017-11-13T20:18:23.117+0300: 63.703: [CMS2017-11-13T20:18:23.296+0300: 63.882: [CMS-concurrent-mark: 0.223/0.223 secs] [Times: user=0.25 sys=0.00, real=0.22 secs] 
 (concurrent mode failure): 349567K->349567K(349568K), 0.7497922 secs] 506815K->500516K(506816K), [Metaspace: 8247K->8247K(1056768K)], 0.7498702 secs] [Times: user=0.76 sys=0.00, real=0.75 secs] 
2017-11-13T20:18:23.907+0300: 64.493: [Full GC (Allocation Failure) 2017-11-13T20:18:23.907+0300: 64.493: [CMS: 349567K->349567K(349568K), 0.5406550 secs] 506815K->501364K(506816K), [Metaspace: 8247K->8247K(1056768K)], 0.5407347 secs] [Times: user=0.55 sys=0.00, real=0.54 secs] 
2017-11-13T20:18:24.447+0300: 65.034: [GC (CMS Initial Mark) [1 CMS-initial-mark: 349567K(349568K)] 501364K(506816K), 0.0837580 secs] [Times: user=0.08 sys=0.00, real=0.08 secs] 
2017-11-13T20:18:24.531+0300: 65.118: [CMS-concurrent-mark-start]
2017-11-13T20:18:24.579+0300: 65.165: [Full GC (Allocation Failure) 2017-11-13T20:18:24.579+0300: 65.165: [CMS2017-11-13T20:18:24.748+0300: 65.334: [CMS-concurrent-mark: 0.216/0.217 secs] [Times: user=0.26 sys=0.00, real=0.22 secs] 
 (concurrent mode failure): 349567K->349567K(349568K), 0.7127507 secs] 506815K->502098K(506816K), [Metaspace: 8247K->8247K(1056768K)], 0.7128402 secs] [Times: user=0.72 sys=0.00, real=0.71 secs] 
2017-11-13T20:18:25.321+0300: 65.906: [Full GC (Allocation Failure) 2017-11-13T20:18:25.321+0300: 65.906: [CMS: 349567K->349567K(349568K), 0.5422770 secs] 506815K->502733K(506816K), [Metaspace: 8247K->8247K(1056768K)], 0.5423726 secs] [Times: user=0.51 sys=0.02, real=0.54 secs] 
2017-11-13T20:18:25.864+0300: 66.449: [GC (CMS Initial Mark) [1 CMS-initial-mark: 349567K(349568K)] 502733K(506816K), 0.0835909 secs] [Times: user=0.11 sys=0.00, real=0.08 secs] 
2017-11-13T20:18:25.947+0300: 66.533: [CMS-concurrent-mark-start]
2017-11-13T20:18:25.973+0300: 66.558: [Full GC (Allocation Failure) 2017-11-13T20:18:25.973+0300: 66.558: [CMS2017-11-13T20:18:26.161+0300: 66.747: [CMS-concurrent-mark: 0.214/0.214 secs] [Times: user=0.23 sys=0.00, real=0.21 secs] 
 (concurrent mode failure): 349567K->349567K(349568K), 0.7276213 secs] 506815K->503283K(506816K), [Metaspace: 8247K->8247K(1056768K)], 0.7277116 secs] [Times: user=0.73 sys=0.00, real=0.73 secs] 
2017-11-13T20:18:26.721+0300: 67.307: [Full GC (Allocation Failure) 2017-11-13T20:18:26.721+0300: 67.307: [CMS: 349567K->349567K(349568K), 0.5401792 secs] 506815K->503758K(506816K), [Metaspace: 8247K->8247K(1056768K)], 0.5402704 secs] [Times: user=0.53 sys=0.02, real=0.54 secs] 
2017-11-13T20:18:27.262+0300: 67.847: [GC (CMS Initial Mark) [1 CMS-initial-mark: 349567K(349568K)] 503759K(506816K), 0.0837247 secs] [Times: user=0.08 sys=0.00, real=0.08 secs] 
2017-11-13T20:18:27.345+0300: 67.931: [CMS-concurrent-mark-start]
2017-11-13T20:18:27.364+0300: 67.950: [Full GC (Allocation Failure) 2017-11-13T20:18:27.364+0300: 67.950: [CMS2017-11-13T20:18:27.564+0300: 68.149: [CMS-concurrent-mark: 0.218/0.218 secs] [Times: user=0.25 sys=0.00, real=0.22 secs] 
 (concurrent mode failure): 349567K->349567K(349568K), 0.7431976 secs] 506815K->504170K(506816K), [Metaspace: 8247K->8247K(1056768K)], 0.7432859 secs] [Times: user=0.73 sys=0.00, real=0.74 secs] 
2017-11-13T20:18:28.123+0300: 68.709: [Full GC (Allocation Failure) 2017-11-13T20:18:28.123+0300: 68.709: [CMS: 349567K->349567K(349568K), 0.5442138 secs] 506815K->504526K(506816K), [Metaspace: 8247K->8247K(1056768K)], 0.5442980 secs] [Times: user=0.55 sys=0.00, real=0.55 secs] 
2017-11-13T20:18:28.668+0300: 69.253: [GC (CMS Initial Mark) [1 CMS-initial-mark: 349567K(349568K)] 504526K(506816K), 0.0853828 secs] [Times: user=0.09 sys=0.00, real=0.09 secs] 
2017-11-13T20:18:28.753+0300: 69.339: [CMS-concurrent-mark-start]
2017-11-13T20:18:28.768+0300: 69.353: [Full GC (Allocation Failure) 2017-11-13T20:18:28.768+0300: 69.353: [CMS2017-11-13T20:18:28.971+0300: 69.556: [CMS-concurrent-mark: 0.218/0.218 secs] [Times: user=0.23 sys=0.00, real=0.22 secs] 
 (concurrent mode failure): 349567K->349567K(349568K), 0.7545484 secs] 506815K->504834K(506816K), [Metaspace: 8247K->8247K(1056768K)], 0.7546351 secs] [Times: user=0.75 sys=0.00, real=0.75 secs] 
2017-11-13T20:18:29.536+0300: 70.121: [Full GC (Allocation Failure) 2017-11-13T20:18:29.536+0300: 70.121: [CMS: 349568K->349567K(349568K), 0.5678929 secs] 506815K->505101K(506816K), [Metaspace: 8247K->8247K(1056768K)], 0.5679807 secs] [Times: user=0.56 sys=0.00, real=0.57 secs] 
2017-11-13T20:18:30.104+0300: 70.689: [GC (CMS Initial Mark) [1 CMS-initial-mark: 349567K(349568K)] 505101K(506816K), 0.0855852 secs] [Times: user=0.11 sys=0.00, real=0.08 secs] 
2017-11-13T20:18:30.190+0300: 70.775: [CMS-concurrent-mark-start]
2017-11-13T20:18:30.200+0300: 70.786: [Full GC (Allocation Failure) 2017-11-13T20:18:30.200+0300: 70.786: [CMS2017-11-13T20:18:30.417+0300: 71.002: [CMS-concurrent-mark: 0.227/0.227 secs] [Times: user=0.22 sys=0.00, real=0.23 secs] 
 (concurrent mode failure): 349567K->349567K(349568K), 0.8594990 secs] 506815K->505332K(506816K), [Metaspace: 8247K->8247K(1056768K)], 0.8595926 secs] [Times: user=0.87 sys=0.00, real=0.86 secs] 
2017-11-13T20:18:31.069+0300: 71.655: [Full GC (Allocation Failure) 2017-11-13T20:18:31.069+0300: 71.655: [CMS: 349568K->349567K(349568K), 0.5484972 secs] 506815K->505531K(506816K), [Metaspace: 8247K->8247K(1056768K)], 0.5485969 secs] [Times: user=0.55 sys=0.00, real=0.55 secs] 
2017-11-13T20:18:31.618+0300: 72.203: [GC (CMS Initial Mark) [1 CMS-initial-mark: 349567K(349568K)] 505532K(506816K), 0.0882105 secs] [Times: user=0.11 sys=0.00, real=0.09 secs] 
2017-11-13T20:18:31.706+0300: 72.292: [CMS-concurrent-mark-start]
2017-11-13T20:18:31.715+0300: 72.301: [Full GC (Allocation Failure) 2017-11-13T20:18:31.715+0300: 72.301: [CMS2017-11-13T20:18:31.931+0300: 72.516: [CMS-concurrent-mark: 0.225/0.225 secs] [Times: user=0.23 sys=0.00, real=0.22 secs] 
 (concurrent mode failure): 349567K->349567K(349568K), 0.7613589 secs] 506815K->505704K(506816K), [Metaspace: 8247K->8247K(1056768K)], 0.7614468 secs] [Times: user=0.73 sys=0.02, real=0.76 secs] 
2017-11-13T20:18:32.483+0300: 73.069: [Full GC (Allocation Failure) 2017-11-13T20:18:32.483+0300: 73.069: [CMS: 349567K->349567K(349568K), 0.5655493 secs] 506815K->505854K(506816K), [Metaspace: 8247K->8247K(1056768K)], 0.5656236 secs] [Times: user=0.55 sys=0.02, real=0.57 secs] 
2017-11-13T20:18:33.049+0300: 73.634: [GC (CMS Initial Mark) [1 CMS-initial-mark: 349567K(349568K)] 505854K(506816K), 0.0831964 secs] [Times: user=0.08 sys=0.00, real=0.08 secs] 
2017-11-13T20:18:33.132+0300: 73.718: [CMS-concurrent-mark-start]
2017-11-13T20:18:33.138+0300: 73.724: [Full GC (Allocation Failure) 2017-11-13T20:18:33.138+0300: 73.724: [CMS2017-11-13T20:18:33.350+0300: 73.936: [CMS-concurrent-mark: 0.218/0.218 secs] [Times: user=0.23 sys=0.00, real=0.22 secs] 
 (concurrent mode failure): 349567K->349567K(349568K), 0.7572086 secs] 506815K->505983K(506816K), [Metaspace: 8247K->8247K(1056768K)], 0.7572927 secs] [Times: user=0.75 sys=0.00, real=0.76 secs] 
2017-11-13T20:18:33.901+0300: 74.486: [Full GC (Allocation Failure) 2017-11-13T20:18:33.901+0300: 74.486: [CMS: 349567K->349567K(349568K), 0.5476568 secs] 506815K->506095K(506816K), [Metaspace: 8247K->8247K(1056768K)], 0.5477246 secs] [Times: user=0.55 sys=0.00, real=0.55 secs] 
2017-11-13T20:18:34.449+0300: 75.034: [GC (CMS Initial Mark) [1 CMS-initial-mark: 349567K(349568K)] 506095K(506816K), 0.0844444 secs] [Times: user=0.08 sys=0.00, real=0.08 secs] 
2017-11-13T20:18:34.533+0300: 75.119: [CMS-concurrent-mark-start]
2017-11-13T20:18:34.538+0300: 75.123: [Full GC (Allocation Failure) 2017-11-13T20:18:34.538+0300: 75.123: [CMS2017-11-13T20:18:34.754+0300: 75.340: [CMS-concurrent-mark: 0.221/0.221 secs] [Times: user=0.23 sys=0.00, real=0.22 secs] 
 (concurrent mode failure): 349567K->349567K(349568K), 0.7642839 secs] 506815K->506192K(506816K), [Metaspace: 8247K->8247K(1056768K)], 0.7643631 secs] [Times: user=0.73 sys=0.01, real=0.76 secs] 
2017-11-13T20:18:35.306+0300: 75.892: [Full GC (Allocation Failure) 2017-11-13T20:18:35.306+0300: 75.892: [CMS: 349567K->349567K(349568K), 0.5530100 secs] 506815K->506276K(506816K), [Metaspace: 8247K->8247K(1056768K)], 0.5530851 secs] [Times: user=0.55 sys=0.00, real=0.55 secs] 
2017-11-13T20:18:35.859+0300: 76.445: [GC (CMS Initial Mark) [1 CMS-initial-mark: 349567K(349568K)] 506276K(506816K), 0.0830909 secs] [Times: user=0.11 sys=0.00, real=0.08 secs] 
2017-11-13T20:18:35.942+0300: 76.528: [CMS-concurrent-mark-start]
2017-11-13T20:18:35.948+0300: 76.533: [Full GC (Allocation Failure) 2017-11-13T20:18:35.948+0300: 76.533: [CMS2017-11-13T20:18:36.161+0300: 76.747: [CMS-concurrent-mark: 0.219/0.219 secs] [Times: user=0.22 sys=0.00, real=0.22 secs] 
 (concurrent mode failure): 349567K->349567K(349568K), 0.7704412 secs] 506815K->506349K(506816K), [Metaspace: 8247K->8247K(1056768K)], 0.7705159 secs] [Times: user=0.75 sys=0.00, real=0.77 secs] 
2017-11-13T20:18:36.723+0300: 77.309: [Full GC (Allocation Failure) 2017-11-13T20:18:36.723+0300: 77.309: [CMS: 349567K->349567K(349568K), 0.5524041 secs] 506815K->506412K(506816K), [Metaspace: 8247K->8247K(1056768K)], 0.8710243 secs] [Times: user=0.55 sys=0.00, real=0.87 secs] 
2017-11-13T20:18:37.596+0300: 78.181: [GC (CMS Initial Mark) [1 CMS-initial-mark: 349567K(349568K)] 506495K(506816K), 0.1056944 secs] [Times: user=0.08 sys=0.00, real=0.11 secs] 
2017-11-13T20:18:37.702+0300: 78.287: [CMS-concurrent-mark-start]
2017-11-13T20:18:37.704+0300: 78.289: [Full GC (Allocation Failure) 2017-11-13T20:18:37.704+0300: 78.289: [CMS2017-11-13T20:18:37.920+0300: 78.505: [CMS-concurrent-mark: 0.218/0.218 secs] [Times: user=0.22 sys=0.00, real=0.22 secs] 
 (concurrent mode failure): 349567K->349567K(349568K), 0.7771364 secs] 506815K->506466K(506816K), [Metaspace: 8247K->8247K(1056768K)], 0.7772267 secs] [Times: user=0.76 sys=0.02, real=0.78 secs] 
2017-11-13T20:18:38.483+0300: 79.069: [Full GC (Allocation Failure) 2017-11-13T20:18:38.484+0300: 79.069: [CMS: 349568K->349567K(349568K), 0.5765540 secs] 506815K->506513K(506816K), [Metaspace: 8247K->8247K(1056768K)], 0.5766460 secs] [Times: user=0.58 sys=0.00, real=0.58 secs] 
2017-11-13T20:18:39.060+0300: 79.646: [GC (CMS Initial Mark) [1 CMS-initial-mark: 349567K(349568K)] 506513K(506816K), 0.0890221 secs] [Times: user=0.11 sys=0.00, real=0.66 secs] 
2017-11-13T20:18:39.727+0300: 80.313: [CMS-concurrent-mark-start]
2017-11-13T20:18:39.749+0300: 80.335: [Full GC (Allocation Failure) 2017-11-13T20:18:39.749+0300: 80.335: [CMS2017-11-13T20:18:40.039+0300: 80.624: [CMS-concurrent-mark: 0.309/0.311 secs] [Times: user=0.31 sys=0.00, real=0.31 secs] 
 (concurrent mode failure): 349567K->349567K(349568K), 1.0353916 secs] 506815K->506554K(506816K), [Metaspace: 8247K->8247K(1056768K)], 1.0354893 secs] [Times: user=1.03 sys=0.00, real=1.04 secs] 
2017-11-13T20:18:40.787+0300: 81.372: [Full GC (Allocation Failure) 2017-11-13T20:18:40.787+0300: 81.372: [CMS: 349567K->349567K(349568K), 0.5837258 secs] 506815K->506589K(506816K), [Metaspace: 8247K->8247K(1056768K)], 0.5837927 secs] [Times: user=0.56 sys=0.00, real=0.58 secs] 
2017-11-13T20:18:41.370+0300: 81.956: [GC (CMS Initial Mark) [1 CMS-initial-mark: 349567K(349568K)] 506589K(506816K), 0.0844255 secs] [Times: user=0.08 sys=0.01, real=0.41 secs] 
2017-11-13T20:18:41.779+0300: 82.365: [CMS-concurrent-mark-start]
2017-11-13T20:18:41.784+0300: 82.370: [Full GC (Allocation Failure) 2017-11-13T20:18:41.784+0300: 82.370: [CMS2017-11-13T20:18:42.014+0300: 82.600: [CMS-concurrent-mark: 0.235/0.235 secs] [Times: user=0.23 sys=0.00, real=0.23 secs] 
 (concurrent mode failure): 349567K->349567K(349568K), 0.7963548 secs] 506815K->506619K(506816K), [Metaspace: 8247K->8247K(1056768K)], 0.7964590 secs] [Times: user=0.80 sys=0.00, real=0.80 secs] 
2017-11-13T20:18:42.583+0300: 83.167: [Full GC (Allocation Failure) 2017-11-13T20:18:42.583+0300: 83.167: [CMS: 349567K->349567K(349568K), 0.5703072 secs] 506815K->506646K(506816K), [Metaspace: 8247K->8247K(1056768K)], 0.5703884 secs] [Times: user=0.55 sys=0.03, real=0.57 secs] 
2017-11-13T20:18:43.153+0300: 83.738: [GC (CMS Initial Mark) [1 CMS-initial-mark: 349567K(349568K)] 506646K(506816K), 0.0843134 secs] [Times: user=0.08 sys=0.00, real=0.08 secs] 
2017-11-13T20:18:43.238+0300: 83.822: [CMS-concurrent-mark-start]
2017-11-13T20:18:43.239+0300: 83.824: [Full GC (Allocation Failure) 2017-11-13T20:18:43.239+0300: 83.824: [CMS2017-11-13T20:18:43.457+0300: 84.041: [CMS-concurrent-mark: 0.219/0.219 secs] [Times: user=0.22 sys=0.00, real=0.22 secs] 
 (concurrent mode failure): 349567K->349567K(349568K), 0.7584853 secs] 506815K->506669K(506816K), [Metaspace: 8247K->8247K(1056768K)], 0.7585580 secs] [Times: user=0.75 sys=0.02, real=0.76 secs] 
2017-11-13T20:18:43.998+0300: 84.583: [Full GC (Allocation Failure) 2017-11-13T20:18:43.998+0300: 84.583: [CMS: 349567K->349567K(349568K), 0.5406476 secs] 506815K->506688K(506816K), [Metaspace: 8247K->8247K(1056768K)], 0.5407146 secs] [Times: user=0.55 sys=0.00, real=0.54 secs] 
2017-11-13T20:18:44.539+0300: 85.124: [GC (CMS Initial Mark) [1 CMS-initial-mark: 349567K(349568K)] 506689K(506816K), 0.0827567 secs] [Times: user=0.08 sys=0.00, real=0.08 secs] 
2017-11-13T20:18:44.622+0300: 85.207: [CMS-concurrent-mark-start]
2017-11-13T20:18:44.623+0300: 85.208: [Full GC (Allocation Failure) 2017-11-13T20:18:44.623+0300: 85.208: [CMS2017-11-13T20:18:44.836+0300: 85.421: [CMS-concurrent-mark: 0.214/0.214 secs] [Times: user=0.22 sys=0.00, real=0.21 secs] 
 (concurrent mode failure): 349567K->349567K(349568K), 0.7528501 secs] 506815K->506705K(506816K), [Metaspace: 8247K->8247K(1056768K)], 0.7529113 secs] [Times: user=0.75 sys=0.00, real=0.75 secs] 
2017-11-13T20:18:45.377+0300: 85.961: [Full GC (Allocation Failure) 2017-11-13T20:18:45.377+0300: 85.961: [CMS: 349567K->349567K(349568K), 0.5441736 secs] 506815K->506720K(506816K), [Metaspace: 8247K->8247K(1056768K)], 0.5442389 secs] [Times: user=0.53 sys=0.02, real=0.54 secs] 
2017-11-13T20:18:45.921+0300: 86.506: [GC (CMS Initial Mark) [1 CMS-initial-mark: 349567K(349568K)] 506720K(506816K), 0.0913004 secs] [Times: user=0.09 sys=0.00, real=0.09 secs] 
2017-11-13T20:18:46.012+0300: 86.597: [CMS-concurrent-mark-start]
2017-11-13T20:18:46.013+0300: 86.598: [Full GC (Allocation Failure) 2017-11-13T20:18:46.013+0300: 86.598: [CMS2017-11-13T20:18:46.231+0300: 86.816: [CMS-concurrent-mark: 0.218/0.218 secs] [Times: user=0.22 sys=0.00, real=0.22 secs] 
 (concurrent mode failure): 349567K->349567K(349568K), 0.7632904 secs] 506815K->506733K(506816K), [Metaspace: 8247K->8247K(1056768K)], 0.7633618 secs] [Times: user=0.76 sys=0.00, real=0.76 secs] 
2017-11-13T20:18:46.777+0300: 87.362: [Full GC (Allocation Failure) 2017-11-13T20:18:46.777+0300: 87.362: [CMS: 349567K->349567K(349568K), 0.6553628 secs] 506815K->506744K(506816K), [Metaspace: 8247K->8247K(1056768K)], 0.6554424 secs] [Times: user=0.66 sys=0.00, real=0.66 secs] 
2017-11-13T20:18:47.433+0300: 88.018: [GC (CMS Initial Mark) [1 CMS-initial-mark: 349567K(349568K)] 506744K(506816K), 0.0873328 secs] [Times: user=0.09 sys=0.00, real=0.09 secs] 
2017-11-13T20:18:47.520+0300: 88.105: [CMS-concurrent-mark-start]
2017-11-13T20:18:47.521+0300: 88.105: [Full GC (Allocation Failure) 2017-11-13T20:18:47.521+0300: 88.105: [CMS2017-11-13T20:18:47.750+0300: 88.335: [CMS-concurrent-mark: 0.230/0.230 secs] [Times: user=0.22 sys=0.00, real=0.23 secs] 
 (concurrent mode failure): 349568K->349567K(349568K), 0.7853919 secs] 506816K->506754K(506816K), [Metaspace: 8247K->8247K(1056768K)], 0.7854596 secs] [Times: user=0.76 sys=0.02, real=0.79 secs] 
2017-11-13T20:18:48.307+0300: 88.891: [Full GC (Allocation Failure) 2017-11-13T20:18:48.307+0300: 88.892: [CMS: 349567K->349567K(349568K), 0.5454400 secs] 506815K->506762K(506816K), [Metaspace: 8247K->8247K(1056768K)], 0.5455090 secs] [Times: user=0.51 sys=0.03, real=0.55 secs] 
2017-11-13T20:18:48.852+0300: 89.437: [GC (CMS Initial Mark) [1 CMS-initial-mark: 349567K(349568K)] 506763K(506816K), 0.0859961 secs] [Times: user=0.09 sys=0.00, real=0.09 secs] 
2017-11-13T20:18:48.938+0300: 89.523: [CMS-concurrent-mark-start]
2017-11-13T20:18:48.939+0300: 89.524: [Full GC (Allocation Failure) 2017-11-13T20:18:48.939+0300: 89.524: [CMS2017-11-13T20:18:49.156+0300: 89.741: [CMS-concurrent-mark: 0.218/0.218 secs] [Times: user=0.22 sys=0.00, real=0.22 secs] 
 (concurrent mode failure): 349568K->349568K(349568K), 0.7624070 secs] 506816K->506769K(506816K), [Metaspace: 8247K->8247K(1056768K)], 0.7624743 secs] [Times: user=0.75 sys=0.00, real=0.76 secs] 
2017-11-13T20:18:49.702+0300: 90.287: [Full GC (Allocation Failure) 2017-11-13T20:18:49.702+0300: 90.287: [CMS: 349568K->349568K(349568K), 0.5476663 secs] 506815K->506775K(506816K), [Metaspace: 8247K->8247K(1056768K)], 0.5477381 secs] [Times: user=0.55 sys=0.00, real=0.55 secs] 
2017-11-13T20:18:50.250+0300: 90.834: [GC (CMS Initial Mark) [1 CMS-initial-mark: 349568K(349568K)] 506776K(506816K), 0.0851115 secs] [Times: user=0.08 sys=0.00, real=0.09 secs] 
2017-11-13T20:18:50.335+0300: 90.920: [CMS-concurrent-mark-start]
2017-11-13T20:18:50.335+0300: 90.920: [Full GC (Allocation Failure) 2017-11-13T20:18:50.335+0300: 90.920: [CMS2017-11-13T20:18:50.552+0300: 91.136: [CMS-concurrent-mark: 0.217/0.217 secs] [Times: user=0.22 sys=0.00, real=0.22 secs] 
 (concurrent mode failure): 349568K->349568K(349568K), 0.7628056 secs] 506815K->506781K(506816K), [Metaspace: 8247K->8247K(1056768K)], 0.7628668 secs] [Times: user=0.76 sys=0.00, real=0.76 secs] 
2017-11-13T20:18:51.098+0300: 91.683: [Full GC (Allocation Failure) 2017-11-13T20:18:51.098+0300: 91.683: [CMS: 349568K->349568K(349568K), 0.5405101 secs] 506815K->506786K(506816K), [Metaspace: 8247K->8247K(1056768K)], 0.5405811 secs] [Times: user=0.55 sys=0.00, real=0.54 secs] 
2017-11-13T20:18:51.639+0300: 92.224: [GC (CMS Initial Mark) [1 CMS-initial-mark: 349568K(349568K)] 506786K(506816K), 0.0833861 secs] [Times: user=0.08 sys=0.00, real=0.08 secs] 
2017-11-13T20:18:51.722+0300: 92.307: [CMS-concurrent-mark-start]
2017-11-13T20:18:51.723+0300: 92.308: [Full GC (Allocation Failure) 2017-11-13T20:18:51.723+0300: 92.308: [CMS2017-11-13T20:18:51.940+0300: 92.525: [CMS-concurrent-mark: 0.218/0.218 secs] [Times: user=0.22 sys=0.00, real=0.22 secs] 
 (concurrent mode failure): 349568K->349568K(349568K), 0.7604780 secs] 506815K->506790K(506816K), [Metaspace: 8247K->8247K(1056768K)], 0.7605420 secs] [Times: user=0.76 sys=0.00, real=0.76 secs] 
2017-11-13T20:18:52.484+0300: 93.069: [Full GC (Allocation Failure) 2017-11-13T20:18:52.484+0300: 93.069: [CMS: 349568K->349568K(349568K), 0.5484660 secs] 506816K->506793K(506816K), [Metaspace: 8247K->8247K(1056768K)], 0.5485271 secs] [Times: user=0.51 sys=0.01, real=0.55 secs] 
2017-11-13T20:18:53.032+0300: 93.617: [GC (CMS Initial Mark) [1 CMS-initial-mark: 349568K(349568K)] 506793K(506816K), 0.0838561 secs] [Times: user=0.08 sys=0.00, real=0.08 secs] 
2017-11-13T20:18:53.116+0300: 93.701: [CMS-concurrent-mark-start]
2017-11-13T20:18:53.116+0300: 93.701: [Full GC (Allocation Failure) 2017-11-13T20:18:53.116+0300: 93.701: [CMS2017-11-13T20:18:53.332+0300: 93.917: [CMS-concurrent-mark: 0.216/0.216 secs] [Times: user=0.22 sys=0.00, real=0.22 secs] 
 (concurrent mode failure): 349568K->349568K(349568K), 0.7804878 secs] 506815K->506796K(506816K), [Metaspace: 8247K->8247K(1056768K)], 0.9641774 secs] [Times: user=0.78 sys=0.00, real=0.97 secs] 
2017-11-13T20:18:54.081+0300: 94.666: [Full GC (Allocation Failure) 2017-11-13T20:18:54.081+0300: 94.666: [CMS: 349568K->349568K(349568K), 0.6379067 secs] 506815K->506799K(506816K), [Metaspace: 8247K->8247K(1056768K)], 0.6379975 secs] [Times: user=0.62 sys=0.00, real=0.64 secs] 
2017-11-13T20:18:54.719+0300: 95.304: [GC (CMS Initial Mark) [1 CMS-initial-mark: 349568K(349568K)] 506799K(506816K), 0.0878024 secs] [Times: user=0.09 sys=0.00, real=0.09 secs] 
2017-11-13T20:18:54.807+0300: 95.392: [CMS-concurrent-mark-start]
2017-11-13T20:18:54.807+0300: 95.392: [Full GC (Allocation Failure) 2017-11-13T20:18:54.807+0300: 95.393: [CMS2017-11-13T20:18:55.041+0300: 95.626: [CMS-concurrent-mark: 0.234/0.234 secs] [Times: user=0.23 sys=0.00, real=0.23 secs] 
 (concurrent mode failure): 349568K->349568K(349568K), 0.7810367 secs] 506815K->506801K(506816K), [Metaspace: 8247K->8247K(1056768K)], 0.7811126 secs] [Times: user=0.78 sys=0.00, real=0.78 secs] 
2017-11-13T20:18:55.589+0300: 96.174: [Full GC (Allocation Failure) 2017-11-13T20:18:55.589+0300: 96.174: [CMS: 349568K->349568K(349568K), 0.5419650 secs] 506815K->506803K(506816K), [Metaspace: 8247K->8247K(1056768K)], 0.5420389 secs] [Times: user=0.55 sys=0.00, real=0.54 secs] 
2017-11-13T20:18:56.131+0300: 96.716: [GC (CMS Initial Mark) [1 CMS-initial-mark: 349568K(349568K)] 506803K(506816K), 0.0844464 secs] [Times: user=0.08 sys=0.00, real=0.08 secs] 
2017-11-13T20:18:56.215+0300: 96.801: [CMS-concurrent-mark-start]
2017-11-13T20:18:56.216+0300: 96.801: [Full GC (Allocation Failure) 2017-11-13T20:18:56.216+0300: 96.801: [CMS2017-11-13T20:18:56.433+0300: 97.018: [CMS-concurrent-mark: 0.218/0.218 secs] [Times: user=0.22 sys=0.00, real=0.22 secs] 
 (concurrent mode failure): 349568K->349568K(349568K), 0.7627514 secs] 506815K->506805K(506816K), [Metaspace: 8247K->8247K(1056768K)], 0.7628179 secs] [Times: user=0.75 sys=0.02, real=0.76 secs] 
2017-11-13T20:18:56.980+0300: 97.565: [Full GC (Allocation Failure) 2017-11-13T20:18:56.980+0300: 97.565: [CMS: 349568K->349568K(349568K), 0.5727038 secs] 506816K->506806K(506816K), [Metaspace: 8247K->8247K(1056768K)], 0.5727727 secs] [Times: user=0.55 sys=0.00, real=0.57 secs] 
2017-11-13T20:18:57.553+0300: 98.138: [GC (CMS Initial Mark) [1 CMS-initial-mark: 349568K(349568K)] 506806K(506816K), 0.0830897 secs] [Times: user=0.08 sys=0.00, real=0.08 secs] 
2017-11-13T20:18:57.636+0300: 98.221: [CMS-concurrent-mark-start]
2017-11-13T20:18:57.636+0300: 98.222: [Full GC (Allocation Failure) 2017-11-13T20:18:57.636+0300: 98.222: [CMS2017-11-13T20:18:57.860+0300: 98.445: [CMS-concurrent-mark: 0.223/0.223 secs] [Times: user=0.23 sys=0.00, real=0.22 secs] 
 (concurrent mode failure): 349568K->349568K(349568K), 0.7769229 secs] 506815K->506807K(506816K), [Metaspace: 8247K->8247K(1056768K)], 0.7769861 secs] [Times: user=0.78 sys=0.00, real=0.78 secs] 
2017-11-13T20:18:58.414+0300: 98.999: [Full GC (Allocation Failure) 2017-11-13T20:18:58.414+0300: 98.999: [CMS: 349568K->349568K(349568K), 0.5743959 secs] 506815K->506808K(506816K), [Metaspace: 8247K->8247K(1056768K)], 0.5744509 secs] [Times: user=0.58 sys=0.00, real=0.57 secs] 
2017-11-13T20:18:58.989+0300: 99.575: [Full GC (Allocation Failure) 2017-11-13T20:18:58.989+0300: 99.575: [CMS: 349568K->349568K(349568K), 0.5610315 secs] 506815K->506809K(506816K), [Metaspace: 8247K->8247K(1056768K)], 0.5611165 secs] [Times: user=0.56 sys=0.00, real=0.56 secs] 
2017-11-13T20:18:59.551+0300: 100.136: [GC (CMS Initial Mark) [1 CMS-initial-mark: 349568K(349568K)] 506809K(506816K), 0.0822621 secs] [Times: user=0.08 sys=0.00, real=0.08 secs] 
2017-11-13T20:18:59.633+0300: 100.218: [CMS-concurrent-mark-start]
2017-11-13T20:18:59.633+0300: 100.218: [Full GC (Allocation Failure) 2017-11-13T20:18:59.633+0300: 100.218: [CMS2017-11-13T20:18:59.848+0300: 100.433: [CMS-concurrent-mark: 0.215/0.215 secs] [Times: user=0.22 sys=0.00, real=0.22 secs] 
 (concurrent mode failure): 349568K->349568K(349568K), 0.7510824 secs] 506815K->506810K(506816K), [Metaspace: 8247K->8247K(1056768K)], 0.7511457 secs] [Times: user=0.75 sys=0.00, real=0.75 secs] 
2017-11-13T20:19:00.385+0300: 100.970: [Full GC (Allocation Failure) 2017-11-13T20:19:00.386+0300: 100.970: [CMS: 349568K->349568K(349568K), 0.5376201 secs] 506815K->506811K(506816K), [Metaspace: 8247K->8247K(1056768K)], 0.5376960 secs] [Times: user=0.55 sys=0.00, real=0.54 secs] 
2017-11-13T20:19:00.923+0300: 101.508: [GC (CMS Initial Mark) [1 CMS-initial-mark: 349568K(349568K)] 506811K(506816K), 0.0840100 secs] [Times: user=0.08 sys=0.00, real=0.08 secs] 
2017-11-13T20:19:01.007+0300: 101.592: [CMS-concurrent-mark-start]
2017-11-13T20:19:01.008+0300: 101.592: [Full GC (Allocation Failure) 2017-11-13T20:19:01.008+0300: 101.592: [CMS2017-11-13T20:19:01.238+0300: 101.823: [CMS-concurrent-mark: 0.231/0.231 secs] [Times: user=0.23 sys=0.00, real=0.23 secs] 
 (concurrent mode failure): 349568K->349568K(349568K), 0.8178634 secs] 506815K->506811K(506816K), [Metaspace: 8247K->8247K(1056768K)], 0.8179308 secs] [Times: user=0.81 sys=0.00, real=0.82 secs] 
2017-11-13T20:19:01.826+0300: 102.410: [Full GC (Allocation Failure) 2017-11-13T20:19:01.826+0300: 102.410: [CMS: 349568K->349568K(349568K), 0.5528491 secs] 506815K->506812K(506816K), [Metaspace: 8247K->8247K(1056768K)], 0.5529160 secs] [Times: user=0.55 sys=0.00, real=0.55 secs] 
2017-11-13T20:19:02.379+0300: 102.963: [GC (CMS Initial Mark) [1 CMS-initial-mark: 349568K(349568K)] 506812K(506816K), 0.0853684 secs] [Times: user=0.09 sys=0.00, real=0.09 secs] 
2017-11-13T20:19:02.464+0300: 103.048: [CMS-concurrent-mark-start]
2017-11-13T20:19:02.464+0300: 103.049: [Full GC (Allocation Failure) 2017-11-13T20:19:02.464+0300: 103.049: [CMS2017-11-13T20:19:02.684+0300: 103.268: [CMS-concurrent-mark: 0.219/0.219 secs] [Times: user=0.22 sys=0.00, real=0.22 secs] 
 (concurrent mode failure): 349568K->349568K(349568K), 0.7843496 secs] 506815K->506812K(506816K), [Metaspace: 8247K->8247K(1056768K)], 0.7844177 secs] [Times: user=0.76 sys=0.01, real=0.79 secs] 
2017-11-13T20:19:03.249+0300: 103.833: [Full GC (Allocation Failure) 2017-11-13T20:19:03.249+0300: 103.833: [CMS: 349568K->349568K(349568K), 0.5457196 secs] 506815K->506813K(506816K), [Metaspace: 8247K->8247K(1056768K)], 0.5457931 secs] [Times: user=0.55 sys=0.00, real=0.55 secs] 
2017-11-13T20:19:03.795+0300: 104.379: [GC (CMS Initial Mark) [1 CMS-initial-mark: 349568K(349568K)] 506813K(506816K), 0.0848077 secs] [Times: user=0.08 sys=0.00, real=0.09 secs] 
2017-11-13T20:19:03.880+0300: 104.464: [CMS-concurrent-mark-start]
2017-11-13T20:19:03.880+0300: 104.464: [Full GC (Allocation Failure) 2017-11-13T20:19:03.880+0300: 104.464: [CMS2017-11-13T20:19:04.098+0300: 104.683: [CMS-concurrent-mark: 0.219/0.219 secs] [Times: user=0.22 sys=0.00, real=0.22 secs] 
 (concurrent mode failure): 349568K->349568K(349568K), 0.7673603 secs] 506816K->506813K(506816K), [Metaspace: 8247K->8247K(1056768K)], 0.7674210 secs] [Times: user=0.76 sys=0.02, real=0.77 secs] 
2017-11-13T20:19:04.647+0300: 105.232: [Full GC (Allocation Failure) 2017-11-13T20:19:04.647+0300: 105.232: [CMS: 349568K->349568K(349568K), 0.5503441 secs] 506815K->506814K(506816K), [Metaspace: 8247K->8247K(1056768K)], 0.5504114 secs] [Times: user=0.55 sys=0.00, real=0.55 secs] 
2017-11-13T20:19:05.198+0300: 105.782: [GC (CMS Initial Mark) [1 CMS-initial-mark: 349568K(349568K)] 506814K(506816K), 0.0844468 secs] [Times: user=0.08 sys=0.00, real=0.08 secs] 
2017-11-13T20:19:05.282+0300: 105.867: [CMS-concurrent-mark-start]
2017-11-13T20:19:05.283+0300: 105.867: [Full GC (Allocation Failure) 2017-11-13T20:19:05.283+0300: 105.867: [CMS2017-11-13T20:19:05.501+0300: 106.086: [CMS-concurrent-mark: 0.219/0.219 secs] [Times: user=0.22 sys=0.00, real=0.22 secs] 
 (concurrent mode failure): 349568K->349568K(349568K), 0.7790309 secs] 506816K->506814K(506816K), [Metaspace: 8247K->8247K(1056768K)], 0.7790949 secs] [Times: user=0.78 sys=0.00, real=0.78 secs] 
2017-11-13T20:19:06.062+0300: 106.646: [Full GC (Allocation Failure) 2017-11-13T20:19:06.062+0300: 106.646: [CMS: 349568K->349568K(349568K), 0.5493736 secs] 506816K->506814K(506816K), [Metaspace: 8247K->8247K(1056768K)], 0.5494389 secs] [Times: user=0.55 sys=0.00, real=0.55 secs] 
2017-11-13T20:19:06.611+0300: 107.196: [GC (CMS Initial Mark) [1 CMS-initial-mark: 349568K(349568K)] 506815K(506816K), 0.0850462 secs] [Times: user=0.11 sys=0.00, real=0.09 secs] 
2017-11-13T20:19:06.696+0300: 107.281: [CMS-concurrent-mark-start]
2017-11-13T20:19:06.697+0300: 107.281: [Full GC (Allocation Failure) 2017-11-13T20:19:06.697+0300: 107.281: [CMS2017-11-13T20:19:06.915+0300: 107.499: [CMS-concurrent-mark: 0.218/0.218 secs] [Times: user=0.22 sys=0.00, real=0.22 secs] 
 (concurrent mode failure): 349568K->349568K(349568K), 0.7667802 secs] 506815K->506814K(506816K), [Metaspace: 8247K->8247K(1056768K)], 0.7668525 secs] [Times: user=0.72 sys=0.05, real=0.77 secs] 
2017-11-13T20:19:07.464+0300: 108.048: [Full GC (Allocation Failure) 2017-11-13T20:19:07.464+0300: 108.048: [CMS: 349568K->349568K(349568K), 0.5470222 secs] 506816K->506814K(506816K), [Metaspace: 8247K->8247K(1056768K)], 0.5470878 secs] [Times: user=0.55 sys=0.00, real=0.55 secs] 
2017-11-13T20:19:08.011+0300: 108.595: [GC (CMS Initial Mark) [1 CMS-initial-mark: 349568K(349568K)] 506814K(506816K), 0.0840819 secs] [Times: user=0.11 sys=0.00, real=0.08 secs] 
2017-11-13T20:19:08.095+0300: 108.679: [CMS-concurrent-mark-start]
2017-11-13T20:19:08.095+0300: 108.679: [Full GC (Allocation Failure) 2017-11-13T20:19:08.095+0300: 108.679: [CMS2017-11-13T20:19:08.309+0300: 108.894: [CMS-concurrent-mark: 0.214/0.214 secs] [Times: user=0.20 sys=0.00, real=0.21 secs] 
 (concurrent mode failure): 349568K->349568K(349568K), 0.7579073 secs] 506815K->506815K(506816K), [Metaspace: 8247K->8247K(1056768K)], 0.7579664 secs] [Times: user=0.73 sys=0.02, real=0.76 secs] 
2017-11-13T20:19:08.853+0300: 109.438: [Full GC (Allocation Failure) 2017-11-13T20:19:08.853+0300: 109.438: [CMS: 349568K->349568K(349568K), 0.5468658 secs] 506815K->506815K(506816K), [Metaspace: 8247K->8247K(1056768K)], 0.5469302 secs] [Times: user=0.53 sys=0.00, real=0.55 secs] 
2017-11-13T20:19:09.400+0300: 109.985: [GC (CMS Initial Mark) [1 CMS-initial-mark: 349568K(349568K)] 506815K(506816K), 0.0940858 secs] [Times: user=0.11 sys=0.00, real=0.09 secs] 
2017-11-13T20:19:09.494+0300: 110.079: [CMS-concurrent-mark-start]
2017-11-13T20:19:09.494+0300: 110.079: [Full GC (Allocation Failure) 2017-11-13T20:19:09.495+0300: 110.079: [CMS2017-11-13T20:19:09.721+0300: 110.306: [CMS-concurrent-mark: 0.227/0.227 secs] [Times: user=0.23 sys=0.00, real=0.23 secs] 
 (concurrent mode failure): 349568K->349568K(349568K), 0.7833093 secs] 506815K->506815K(506816K), [Metaspace: 8247K->8247K(1056768K)], 0.7833758 secs] [Times: user=0.80 sys=0.00, real=0.78 secs] 
2017-11-13T20:19:10.278+0300: 110.862: [Full GC (Allocation Failure) 2017-11-13T20:19:10.278+0300: 110.862: [CMS: 349568K->349568K(349568K), 0.6218777 secs] 506815K->506815K(506816K), [Metaspace: 8247K->8247K(1056768K)], 0.6219483 secs] [Times: user=0.61 sys=0.00, real=0.62 secs] 
2017-11-13T20:19:10.900+0300: 111.485: [GC (CMS Initial Mark) [1 CMS-initial-mark: 349568K(349568K)] 506815K(506816K), 0.0827066 secs] [Times: user=0.11 sys=0.00, real=0.08 secs] 
2017-11-13T20:19:10.983+0300: 111.567: [CMS-concurrent-mark-start]
2017-11-13T20:19:10.983+0300: 111.568: [Full GC (Allocation Failure) 2017-11-13T20:19:10.983+0300: 111.568: [CMS2017-11-13T20:19:11.207+0300: 111.791: [CMS-concurrent-mark: 0.224/0.224 secs] [Times: user=0.22 sys=0.00, real=0.22 secs] 
 (concurrent mode failure): 349568K->349568K(349568K), 0.7649928 secs] 506815K->506815K(506816K), [Metaspace: 8247K->8247K(1056768K)], 0.7650581 secs] [Times: user=0.77 sys=0.00, real=0.76 secs] 
2017-11-13T20:19:11.748+0300: 112.333: [Full GC (Allocation Failure) 2017-11-13T20:19:11.748+0300: 112.333: [CMS: 349568K->349568K(349568K), 0.5398533 secs] 506815K->506815K(506816K), [Metaspace: 8247K->8247K(1056768K)], 0.5399186 secs] [Times: user=0.53 sys=0.00, real=0.54 secs] 
2017-11-13T20:19:12.288+0300: 112.873: [GC (CMS Initial Mark) [1 CMS-initial-mark: 349568K(349568K)] 506815K(506816K), 0.0836303 secs] [Times: user=0.11 sys=0.00, real=0.08 secs] 
2017-11-13T20:19:12.372+0300: 112.957: [CMS-concurrent-mark-start]
2017-11-13T20:19:12.372+0300: 112.957: [Full GC (Allocation Failure) 2017-11-13T20:19:12.372+0300: 112.957: [CMS2017-11-13T20:19:12.588+0300: 113.173: [CMS-concurrent-mark: 0.216/0.216 secs] [Times: user=0.22 sys=0.00, real=0.22 secs] 
 (concurrent mode failure): 349568K->349568K(349568K), 0.7597862 secs] 506815K->506815K(506816K), [Metaspace: 8247K->8247K(1056768K)], 0.7598474 secs] [Times: user=0.75 sys=0.00, real=0.76 secs] 
2017-11-13T20:19:13.132+0300: 113.717: [Full GC (Allocation Failure) 2017-11-13T20:19:13.132+0300: 113.717: [CMS: 349568K->349568K(349568K), 0.5398960 secs] 506816K->506815K(506816K), [Metaspace: 8247K->8247K(1056768K)], 0.5399703 secs] [Times: user=0.55 sys=0.00, real=0.54 secs] 
2017-11-13T20:19:13.672+0300: 114.257: [GC (CMS Initial Mark) [1 CMS-initial-mark: 349568K(349568K)] 506815K(506816K), 0.0837001 secs] [Times: user=0.08 sys=0.00, real=0.08 secs] 
2017-11-13T20:19:13.756+0300: 114.341: [CMS-concurrent-mark-start]
2017-11-13T20:19:13.756+0300: 114.341: [Full GC (Allocation Failure) 2017-11-13T20:19:13.756+0300: 114.341: [CMS2017-11-13T20:19:13.972+0300: 114.557: [CMS-concurrent-mark: 0.216/0.216 secs] [Times: user=0.22 sys=0.00, real=0.22 secs] 
 (concurrent mode failure): 349568K->349568K(349568K), 0.7549577 secs] 506815K->506815K(506816K), [Metaspace: 8247K->8247K(1056768K)], 0.7550189 secs] [Times: user=0.76 sys=0.00, real=0.75 secs] 
2017-11-13T20:19:14.511+0300: 115.096: [Full GC (Allocation Failure) 2017-11-13T20:19:14.511+0300: 115.096: [CMS: 349568K->349568K(349568K), 0.5379752 secs] 506815K->506815K(506816K), [Metaspace: 8247K->8247K(1056768K)], 0.5380384 secs] [Times: user=0.53 sys=0.00, real=0.54 secs] 
2017-11-13T20:19:15.049+0300: 115.634: [GC (CMS Initial Mark) [1 CMS-initial-mark: 349568K(349568K)] 506815K(506816K), 0.0826915 secs] [Times: user=0.11 sys=0.00, real=0.08 secs] 
2017-11-13T20:19:15.132+0300: 115.717: [CMS-concurrent-mark-start]
2017-11-13T20:19:15.132+0300: 115.717: [Full GC (Allocation Failure) 2017-11-13T20:19:15.132+0300: 115.717: [CMS2017-11-13T20:19:15.349+0300: 115.934: [CMS-concurrent-mark: 0.217/0.217 secs] [Times: user=0.22 sys=0.00, real=0.22 secs] 
 (concurrent mode failure): 349568K->349568K(349568K), 1.0079435 secs] 506815K->506815K(506816K), [Metaspace: 8247K->8247K(1056768K)], 1.0080051 secs] [Times: user=0.75 sys=0.02, real=1.01 secs] 
2017-11-13T20:19:16.140+0300: 116.725: [Full GC (Allocation Failure) 2017-11-13T20:19:16.140+0300: 116.725: [CMS: 349568K->349568K(349568K), 0.5442413 secs] 506815K->506815K(506816K), [Metaspace: 8247K->8247K(1056768K)], 0.5443132 secs] [Times: user=0.53 sys=0.00, real=0.54 secs] 
2017-11-13T20:19:16.685+0300: 117.269: [GC (CMS Initial Mark) [1 CMS-initial-mark: 349568K(349568K)] 506815K(506816K), 0.0829513 secs] [Times: user=0.11 sys=0.00, real=0.08 secs] 
2017-11-13T20:19:16.768+0300: 117.352: [CMS-concurrent-mark-start]
2017-11-13T20:19:16.768+0300: 117.353: [Full GC (Allocation Failure) 2017-11-13T20:19:16.768+0300: 117.353: [CMS2017-11-13T20:19:16.982+0300: 117.567: [CMS-concurrent-mark: 0.214/0.214 secs] [Times: user=0.20 sys=0.00, real=0.21 secs] 
 (concurrent mode failure): 349568K->349568K(349568K), 0.7520049 secs] 506815K->506815K(506816K), [Metaspace: 8247K->8247K(1056768K)], 0.7520677 secs] [Times: user=0.73 sys=0.02, real=0.75 secs] 
2017-11-13T20:19:17.521+0300: 118.105: [Full GC (Allocation Failure) 2017-11-13T20:19:17.521+0300: 118.105: [CMS: 349568K->349568K(349568K), 0.5387646 secs] 506815K->506815K(506816K), [Metaspace: 8247K->8247K(1056768K)], 0.5388352 secs] [Times: user=0.53 sys=0.00, real=0.54 secs] 
2017-11-13T20:19:18.060+0300: 118.644: [GC (CMS Initial Mark) [1 CMS-initial-mark: 349568K(349568K)] 506815K(506816K), 0.0845917 secs] [Times: user=0.11 sys=0.00, real=0.09 secs] 
2017-11-13T20:19:18.145+0300: 118.728: [CMS-concurrent-mark-start]
2017-11-13T20:19:18.145+0300: 118.729: [Full GC (Allocation Failure) 2017-11-13T20:19:18.145+0300: 118.729: [CMS2017-11-13T20:19:18.359+0300: 118.943: [CMS-concurrent-mark: 0.214/0.215 secs] [Times: user=0.22 sys=0.00, real=0.21 secs] 
 (concurrent mode failure): 349568K->349568K(349568K), 0.7530115 secs] 506815K->506815K(506816K), [Metaspace: 8247K->8247K(1056768K)], 0.7530804 secs] [Times: user=0.73 sys=0.01, real=0.75 secs] 
2017-11-13T20:19:18.898+0300: 119.482: [Full GC (Allocation Failure) 2017-11-13T20:19:18.898+0300: 119.482: [CMS: 349568K->349568K(349568K), 0.5400861 secs] 506815K->506815K(506816K), [Metaspace: 8247K->8247K(1056768K)], 0.5401575 secs] [Times: user=0.55 sys=0.00, real=0.54 secs] 
2017-11-13T20:19:19.438+0300: 120.022: [Full GC (Allocation Failure) 2017-11-13T20:19:19.438+0300: 120.022: [CMS: 349568K->349568K(349568K), 0.5367387 secs] 506815K->506815K(506816K), [Metaspace: 8247K->8247K(1056768K)], 0.5368085 secs] [Times: user=0.51 sys=0.02, real=0.54 secs] 
2017-11-13T20:19:19.975+0300: 120.559: [Full GC (Allocation Failure) 2017-11-13T20:19:19.975+0300: 120.559: [CMS: 349568K->349568K(349568K), 0.5385556 secs] 506815K->506815K(506816K), [Metaspace: 8247K->8247K(1056768K)], 0.5386279 secs] [Times: user=0.52 sys=0.03, real=0.54 secs] 
2017-11-13T20:19:20.514+0300: 121.098: [Full GC (Allocation Failure) 2017-11-13T20:19:20.514+0300: 121.098: [CMS: 349568K->349568K(349568K), 0.5498933 secs] 506815K->506815K(506816K), [Metaspace: 8247K->8247K(1056768K)], 0.5499533 secs] [Times: user=0.51 sys=0.03, real=0.55 secs] 
2017-11-13T20:19:21.064+0300: 121.648: [Full GC (Allocation Failure) 2017-11-13T20:19:21.064+0300: 121.648: [CMS: 349568K->349568K(349568K), 0.5478613 secs] 506815K->506815K(506816K), [Metaspace: 8247K->8247K(1056768K)], 0.5479269 secs] [Times: user=0.53 sys=0.00, real=0.55 secs] 
2017-11-13T20:19:21.612+0300: 122.196: [GC (CMS Initial Mark) [1 CMS-initial-mark: 349568K(349568K)] 506815K(506816K), 0.0852687 secs] [Times: user=0.09 sys=0.02, real=0.09 secs] 
2017-11-13T20:19:21.698+0300: 122.281: [CMS-concurrent-mark-start]
2017-11-13T20:19:21.698+0300: 122.281: [Full GC (Allocation Failure) 2017-11-13T20:19:21.698+0300: 122.281: [CMS2017-11-13T20:19:21.912+0300: 122.495: [CMS-concurrent-mark: 0.214/0.214 secs] [Times: user=0.20 sys=0.00, real=0.21 secs] 
 (concurrent mode failure): 349568K->349568K(349568K), 0.7608101 secs] 506815K->506815K(506816K), [Metaspace: 8247K->8247K(1056768K)], 0.7608881 secs] [Times: user=0.72 sys=0.02, real=0.76 secs] 
2017-11-13T20:19:22.459+0300: 123.042: [Full GC (Allocation Failure) 2017-11-13T20:19:22.459+0300: 123.042: [CMS: 349568K->349568K(349568K), 0.5742925 secs] 506815K->506815K(506816K), [Metaspace: 8247K->8247K(1056768K)], 0.5743557 secs] [Times: user=0.56 sys=0.02, real=0.57 secs] 
2017-11-13T20:19:23.032+0300: 123.617: [Full GC (Allocation Failure) 2017-11-13T20:19:23.032+0300: 123.617: [CMS: 349568K->349568K(349568K), 0.5544534 secs] 506815K->506815K(506816K), [Metaspace: 8247K->8247K(1056768K)], 0.5545149 secs] [Times: user=0.56 sys=0.00, real=0.55 secs] 
2017-11-13T20:19:23.587+0300: 124.172: [GC (CMS Initial Mark) [1 CMS-initial-mark: 349568K(349568K)] 506815K(506816K), 0.0841944 secs] [Times: user=0.08 sys=0.00, real=0.08 secs] 
2017-11-13T20:19:23.671+0300: 124.256: [CMS-concurrent-mark-start]
2017-11-13T20:19:23.672+0300: 124.256: [Full GC (Allocation Failure) 2017-11-13T20:19:23.672+0300: 124.256: [CMS2017-11-13T20:19:23.890+0300: 124.474: [CMS-concurrent-mark: 0.218/0.218 secs] [Times: user=0.20 sys=0.00, real=0.22 secs] 
 (concurrent mode failure): 349568K->1268K(349568K), 0.3244718 secs] 506815K->1268K(506816K), [Metaspace: 8247K->8247K(1056768K)], 0.3245350 secs] [Times: user=0.31 sys=0.00, real=0.32 secs] 
